Microchip MPLAB XC8 Compiler V2.41

Linker command line:

-W-3 \
  --edf=C:\Program Files\Microchip\xc8\v2.41\pic\dat\20230208172133_en.msgs \
  -cn -h+dist/default/production\Timer0_Project.production.sym \
  --cmf=dist/default/production\Timer0_Project.production.cmf -z -Q18F4620 \
  -oC:\Users\MOHAME~1.MOH\AppData\Local\Temp\xcAs668.\driver_tmp_3.o \
  --defsym=__MPLAB_BUILD=1 --fixupoverflow=error \
  -Mdist/default/production/Timer0_Project.production.map \
  --md=C:\Users\MOHAME~1.MOH\AppData\Local\Temp\xcAs668.\driver_tmp_0.dat \
  -E1 -ver=XC8 Compiler --acfsm=1493 -ACODE=00h-0FFFFh -ACONST=00h-0FFFFh \
  -ASMALLCONST=01000h-010FFhx240 -AMEDIUMCONST=01000h-0FFFFh \
  -ACOMRAM=01h-07Fh -AABS1=00h-0F7Fh -ABIGRAM=01h-0F7Fh \
  -ARAM=080h-0FFh,0100h-01FFhx14,0F00h-0F7Fh -ABANK0=080h-0FFh \
  -ABANK1=0100h-01FFh -ABANK2=0200h-02FFh -ABANK3=0300h-03FFh \
  -ABANK4=0400h-04FFh -ABANK5=0500h-05FFh -ABANK6=0600h-06FFh \
  -ABANK7=0700h-07FFh -ABANK8=0800h-08FFh -ABANK9=0900h-09FFh \
  -ABANK10=0A00h-0AFFh -ABANK11=0B00h-0BFFh -ABANK12=0C00h-0CFFh \
  -ABANK13=0D00h-0DFFh -ABANK14=0E00h-0EFFh -ABANK15=0F00h-0F7Fh \
  -ASFR=0F80h-0FFFh -ABIGSFR=0F80h-0FFFh -ACONFIG=0300000h-030000Dh \
  -AIDLOC=0200000h-0200007h -AEEDATA=0F00000h-0F003FFh -peeprom_data=EEDATA \
  -preset_vec=00h,intcode=08h,intcodelo,powerup,init -pramtop=01000h \
  -psmallconst=SMALLCONST -pmediumconst=MEDIUMCONST -pconst=CONST \
  -AFARRAM=00h-00h \
  -prdata=COMRAM,nvrram=COMRAM,nvbit=COMRAM,rbss=COMRAM,rbit=COMRAM \
  -pfarbss=FARRAM,fardata=FARRAM,nvFARRAM=FARRAM \
  -pintsave_regs=BIGRAM,bigbss=BIGRAM,bigdata=BIGRAM -pbss=RAM \
  -pidata=CODE,irdata=CODE,ibigdata=CODE,ifardata=CODE -prparam=COMRAM \
  C:\Users\MOHAME~1.MOH\AppData\Local\Temp\xcAs668.\driver_tmp_9.o \
  dist/default/production\Timer0_Project.production.o 

Object code version is 3.11

Machine type is 18F4620



                Name                               Link     Load   Length Selector   Space Scale
C:\Users\MOHAME~1.MOH\AppData\Local\Temp\xcAs668.\driver_tmp_9.o
                idloc                            200000   200000        8        0       5
                config                           300000   300000        E        0       4
                init                                  E        E        4        4       0
                reset_vec                             0        0        4        0       0
dist/default/production\Timer0_Project.production.o
                intcode                               8        8        6        4       0
                idloc                            200000   200000        8        0       5
                config                           300000   300000        E        0       4
                temp                                 6E       6E        1        1       1
                smallconst                         1000     1000       16      800       0
                text40                             2118     2118        4     1075       0
                text39                             2114     2114        4     1075       0
                text38                             2110     2110        4     1075       0
                text37                             210C     210C        4     1075       0
                text36                             2108     2108        4     1075       0
                text35                             2104     2104        4     1075       0
                text34                             2100     2100        4     1075       0
                text33                             20FC     20FC        4     1075       0
                text32                             209E     209E       1A      80B       0
                text31                             2084     2084       1A      80B       0
                text30                             206A     206A       1A      80B       0
                text29                             2050     2050       1A      80B       0
                text28                             1A72     1A72       92      80B       0
                text27                             1CF4     1CF4       72      80B       0
                text26                             20B8     20B8        E      80B       0
                text25                             1FFC     1FFC       36      80B       0
                text24                             20D2     20D2        C      80B       0
                text23                             20EA     20EA        8     1075       0
                text22                             20C6     20C6        C      80B       0
                text21                             211C     211C        2     1075       0
                text20                             20F8     20F8        4     1075       0
                intcode_body                       1016     1016      416      80B       0
                text18                             1C04     1C04       7E      80B       0
                text17                             1E34     1E34       58      80B       0
                text16                             1EE2     1EE2       3E      80B       0
                text15                             1934     1934       A4      80B       0
                text14                             1E8C     1E8C       56      80B       0
                text13                             16C4     16C4      144      80B       0
                text12                             1808     1808      12C      80B       0
                text11                             1C82     1C82       72      80B       0
                text10                             1FC6     1FC6       36      80B       0
                text9                              1D66     1D66       6A      80B       0
                text8                              1B86     1B86       7E      80B       0
                text7                              1578     1578      14C      80B       0
                text6                              1F90     1F90       36      80B       0
                text5                              19D8     19D8       9A      80B       0
                text4                              142C     142C      14C      80B       0
                text3                              2032     2032       1E      80B       0
                text2                              20F2     20F2        6     1075       0
                text1                              1B04     1B04       82      80B       0
                text0                              1F20     1F20       3A      80B       0
                cstackCOMRAM                         45       45       1E        1       1
                cstackBANK0                          B6       B6        F       80       1
                dataBANK0                            80       80       36       80       1
                bssBANK0                             C5       C5        6       80       1
                dataCOMRAM                           63       63        B        1       1
                bssCOMRAM                             1        1       44        1       1
                cinit                              1DD0     1DD0       64      80B       0
                idataBANK0                         1F5A     1F5A       36      80B       0
                idataCOMRAM                        20DE     20DE        B      80B       0

TOTAL           Name                               Link     Load   Length     Space
        CLASS   CODE           
                intcode                               8        8        6         0
                init                                  E        E        4         0
                reset_vec                             0        0        4         0
                text40                             2118     2118        4         0
                text39                             2114     2114        4         0
                text38                             2110     2110        4         0
                text37                             210C     210C        4         0
                text36                             2108     2108        4         0
                text35                             2104     2104        4         0
                text34                             2100     2100        4         0
                text33                             20FC     20FC        4         0
                text32                             209E     209E       1A         0
                text31                             2084     2084       1A         0
                text30                             206A     206A       1A         0
                text29                             2050     2050       1A         0
                text28                             1A72     1A72       92         0
                text27                             1CF4     1CF4       72         0
                text26                             20B8     20B8        E         0
                text25                             1FFC     1FFC       36         0
                text24                             20D2     20D2        C         0
                text23                             20EA     20EA        8         0
                text22                             20C6     20C6        C         0
                text21                             211C     211C        2         0
                text20                             20F8     20F8        4         0
                intcode_body                       1016     1016      416         0
                text18                             1C04     1C04       7E         0
                text17                             1E34     1E34       58         0
                text16                             1EE2     1EE2       3E         0
                text15                             1934     1934       A4         0
                text14                             1E8C     1E8C       56         0
                text13                             16C4     16C4      144         0
                text12                             1808     1808      12C         0
                text11                             1C82     1C82       72         0
                text10                             1FC6     1FC6       36         0
                text9                              1D66     1D66       6A         0
                text8                              1B86     1B86       7E         0
                text7                              1578     1578      14C         0
                text6                              1F90     1F90       36         0
                text5                              19D8     19D8       9A         0
                text4                              142C     142C      14C         0
                text3                              2032     2032       1E         0
                text2                              20F2     20F2        6         0
                text1                              1B04     1B04       82         0
                text0                              1F20     1F20       3A         0
                cinit                              1DD0     1DD0       64         0
                idataBANK0                         1F5A     1F5A       36         0
                idataCOMRAM                        20DE     20DE        B         0

        CLASS   CONST          

        CLASS   SMALLCONST     
                smallconst                         1000     1000       16         0

        CLASS   MEDIUMCONST    

        CLASS   COMRAM         
                temp                                 6E       6E        1         1
                cstackCOMRAM                         45       45       1E         1
                dataCOMRAM                           63       63        B         1
                bssCOMRAM                             1        1       44         1

        CLASS   ABS1           

        CLASS   BIGRAM         

        CLASS   RAM            

        CLASS   BANK0          
                cstackBANK0                          B6       B6        F         1
                dataBANK0                            80       80       36         1
                bssBANK0                             C5       C5        6         1

        CLASS   BANK1          

        CLASS   BANK2          

        CLASS   BANK3          

        CLASS   BANK4          

        CLASS   BANK5          

        CLASS   BANK6          

        CLASS   BANK7          

        CLASS   BANK8          

        CLASS   BANK9          

        CLASS   BANK10         

        CLASS   BANK11         

        CLASS   BANK12         

        CLASS   BANK13         

        CLASS   BANK14         

        CLASS   BANK15         

        CLASS   SFR            

        CLASS   BIGSFR         

        CLASS   CONFIG         
                config                           300000   300000        E         4

        CLASS   IDLOC          
                idloc                            200000   200000        8         5

        CLASS   EEDATA         

        CLASS   FARRAM         

        CLASS   HEAP           

        CLASS   STACK          



SEGMENTS        Name                           Load    Length   Top    Selector   Space  Class

                reset_vec                      000000  000004  000004         0       0  CODE    
                bssCOMRAM                      000001  00006E  00006F         1       1  COMRAM  
                intcode                        000008  00000A  000012         4       0  CODE    
                dataBANK0                      000080  00004B  0000CB        80       1  BANK0   
                smallconst                     001000  000016  001016       800       0  SMALLCON
                intcode_body                   001016  0010D3  0020E9       80B       0  CODE    
                text23                         0020EA  000034  00211E      1075       0  CODE    


UNUSED ADDRESS RANGES

        Name                Unused          Largest block    Delta
        BANK0            0000CB-0000FF               35
        BANK1            000100-0001FF              100
        BANK10           000A00-000AFF              100
        BANK11           000B00-000BFF              100
        BANK12           000C00-000CFF              100
        BANK13           000D00-000DFF              100
        BANK14           000E00-000EFF              100
        BANK15           000F00-000F7F               80
        BANK2            000200-0002FF              100
        BANK3            000300-0003FF              100
        BANK4            000400-0004FF              100
        BANK5            000500-0005FF              100
        BANK6            000600-0006FF              100
        BANK7            000700-0007FF              100
        BANK8            000800-0008FF              100
        BANK9            000900-0009FF              100
        BIGRAM           00006F-00007F               11
                         0000CB-000F7F              EB5
        BIGSFR           000F80-000FFF               80
        CODE             000004-000007                4
                         000012-000FFF              FEE
                         0020E9-0020E9                1
                         00211E-00FFFF             DEE2
        COMRAM           00006F-00007F               11
        CONST            000004-000007                4
                         000012-000FFF              FEE
                         0020E9-0020E9                1
                         00211E-00FFFF             DEE2
        EEDATA           F00000-F003FF              400
        MEDIUMCONST      0020E9-0020E9                1
                         00211E-00FFFF             DEE2
        RAM              0000CB-000F7F              100
        SFR              000F80-000FFF               80
        SMALLCONST       0020E9-0020E9                1
                         00211E-00FFFF              100

                                  Symbol Table

CCP_Set_Compare_Mode_Value@F3106                   bssCOMRAM    000033
RB4_ISR@RB4_Source                                 cstackCOMRAM 000045
RB5_ISR@RB5_Source                                 cstackCOMRAM 000045
RB6_ISR@RB6_Source                                 cstackCOMRAM 000045
RB7_ISR@RB7_Source                                 cstackCOMRAM 000045
Timer0_Init@_timer                                 cstackCOMRAM 000059
Timer0_Init@ret                                    cstackCOMRAM 00005D
Timer0_Mode_Selection@_timer                       cstackCOMRAM 000056
Timer0_Prescaler_Config@_timer                     cstackCOMRAM 000056
Timer0_Read_Value@_timer                           cstackCOMRAM 000056
Timer0_Read_Value@_value                           cstackCOMRAM 000058
Timer0_Read_Value@l_tmr0h                          cstackCOMRAM 00005D
Timer0_Read_Value@l_tmr0l                          cstackCOMRAM 00005C
Timer0_Read_Value@ret                              cstackCOMRAM 00005E
Timer0_Reigster_Size_Config@_timer                 cstackCOMRAM 000056
_ADCON0bits                                        (abs)        000FC2
_ADCON1bits                                        (abs)        000FC1
_ADCON2bits                                        (abs)        000FC0
_ADC_ISR                                           text40       002118
_ADC_InterruptHandler                              bssCOMRAM    000039
_ADRESH                                            (abs)        000FC4
_ADRESL                                            (abs)        000FC3
_BAUDCONbits                                       (abs)        000FB8
_CCP1CONbits                                       (abs)        000FBD
_CCP1_ISR                                          text39       002114
_CCP1_InterruptHandler                             bssCOMRAM    000037
_CCP2CONbits                                       (abs)        000FBA
_CCP2_ISR                                          text38       002110
_CCP2_InterruptHandler                             bssCOMRAM    000035
_CCPR1H                                            (abs)        000FBF
_CCPR1L                                            (abs)        000FBE
_CCPR2H                                            (abs)        000FBC
_CCPR2L                                            (abs)        000FBB
_EEADR                                             (abs)        000FA9
_EEADRH                                            (abs)        000FAA
_EECON1bits                                        (abs)        000FA6
_EECON2                                            (abs)        000FA7
_EEDATA                                            (abs)        000FA8
_INT0_ISR                                          text37       00210C
_INT0_InterruptHandler                             bssCOMRAM    00002B
_INT1_ISR                                          text36       002108
_INT1_InterruptHandler                             bssCOMRAM    000029
_INT2_ISR                                          text35       002104
_INT2_InterruptHandler                             bssCOMRAM    000027
_INTCON2bits                                       (abs)        000FF1
_INTCON3bits                                       (abs)        000FF0
_INTCONbits                                        (abs)        000FF2
_InterruptManager                                  intcode      000008
_LATA                                              (abs)        000F89
_LATB                                              (abs)        000F8A
_LATC                                              (abs)        000F8B
_LATD                                              (abs)        000F8C
_LATE                                              (abs)        000F8D
_MSSP_I2C_BC_ISR                                   text34       002100
_MSSP_I2C_DefaultInterruptHandler                  bssCOMRAM    000031
_MSSP_I2C_ISR                                      text33       0020FC
_MSSP_I2C_Report_Receive_Overflow_InterruptHandler bssCOMRAM    00002D
_MSSP_I2C_Report_Write_Collision_InterruptHandler  bssCOMRAM    00002F
_PIE1bits                                          (abs)        000F9D
_PIE2bits                                          (abs)        000FA0
_PIR1bits                                          (abs)        000F9E
_PIR2bits                                          (abs)        000FA1
_PORTA                                             (abs)        000F80
_PORTB                                             (abs)        000F81
_PORTBbits                                         (abs)        000F81
_PORTC                                             (abs)        000F82
_PORTD                                             (abs)        000F83
_PORTE                                             (abs)        000F84
_RB4_Flag                                          dataCOMRAM   000066
_RB4_ISR                                           text32       00209E
_RB4_InterruptHandler_HIGH                         bssCOMRAM    000025
_RB4_InterruptHandler_LOW                          bssCOMRAM    000023
_RB5_Flag                                          dataCOMRAM   000065
_RB5_ISR                                           text31       002084
_RB5_InterruptHandler_HIGH                         bssCOMRAM    000021
_RB5_InterruptHandler_LOW                          bssCOMRAM    00001F
_RB6_Flag                                          dataCOMRAM   000064
_RB6_ISR                                           text30       00206A
_RB6_InterruptHandler_HIGH                         bssCOMRAM    00001D
_RB6_InterruptHandler_LOW                          bssCOMRAM    00001B
_RB7_Flag                                          dataCOMRAM   000063
_RB7_ISR                                           text29       002050
_RB7_InterruptHandler_HIGH                         bssCOMRAM    000019
_RB7_InterruptHandler_LOW                          bssCOMRAM    000017
_RCREG                                             (abs)        000FAE
_RCSTAbits                                         (abs)        000FAB
_SPBRG                                             (abs)        000FAF
_SPBRGH                                            (abs)        000FB0
_SSPADD                                            (abs)        000FC8
_SSPBUF                                            (abs)        000FC9
_SSPCON1bits                                       (abs)        000FC6
_SSPCON2bits                                       (abs)        000FC5
_SSPSTATbits                                       (abs)        000FC7
_T0CONbits                                         (abs)        000FD5
_T1CONbits                                         (abs)        000FCD
_T2CONbits                                         (abs)        000FCA
_T3CONbits                                         (abs)        000FB1
_TMR0H                                             (abs)        000FD7
_TMR0L                                             (abs)        000FD6
_TMR0_ISR                                          text25       001FFC
_TMR0_InterruptHandler                             bssCOMRAM    000013
_TMR1H                                             (abs)        000FCF
_TMR1L                                             (abs)        000FCE
_TMR1_ISR                                          text24       0020D2
_TMR1_InterruptHandler                             bssCOMRAM    00000F
_TMR2                                              (abs)        000FCC
_TMR2_ISR                                          text23       0020EA
_TMR2_InterruptHandler                             bssCOMRAM    00000D
_TMR3H                                             (abs)        000FB3
_TMR3L                                             (abs)        000FB2
_TMR3_ISR                                          text22       0020C6
_TMR3_InterruptHandler                             bssCOMRAM    000009
_TRISA                                             (abs)        000F92
_TRISB                                             (abs)        000F93
_TRISC                                             (abs)        000F94
_TRISCbits                                         (abs)        000F94
_TRISD                                             (abs)        000F95
_TRISE                                             (abs)        000F96
_TXREG                                             (abs)        000FAD
_TXSTAbits                                         (abs)        000FAC
_Timer0_DefaultInterruptHandler                    text26       0020B8
_Timer0_Init                                       text15       001934
_Timer0_Mode_Selection                             text18       001C04
_Timer0_Prescaler_Config                           text17       001E34
_Timer0_Read_Value                                 text14       001E8C
_Timer0_Reigster_Size_Config                       text16       001EE2
_USART_FramingErrorHandler                         bssCOMRAM    000003
_USART_OverrunErrorHandler                         bssCOMRAM    000001
_USART_RX_ISR                                      text21       00211C
_USART_RxDefaultInterruptHandler                   bssCOMRAM    000005
_USART_TX_ISR                                      text20       0020F8
_USART_TxDefaultInterruptHandler                   bssCOMRAM    000007
__HRAM                                             (abs)        000000
__H__absolute__                                    __absolute__ 000000
__Habs1                                            abs1         000000
__Hbank0                                           bank0        000000
__Hbank1                                           bank1        000000
__Hbank10                                          bank10       000000
__Hbank11                                          bank11       000000
__Hbank12                                          bank12       000000
__Hbank13                                          bank13       000000
__Hbank14                                          bank14       000000
__Hbank15                                          bank15       000000
__Hbank2                                           bank2        000000
__Hbank3                                           bank3        000000
__Hbank4                                           bank4        000000
__Hbank5                                           bank5        000000
__Hbank6                                           bank6        000000
__Hbank7                                           bank7        000000
__Hbank8                                           bank8        000000
__Hbank9                                           bank9        000000
__Hbigbss                                          bigbss       000000
__Hbigdata                                         bigdata      000000
__Hbigram                                          bigram       000000
__Hbigsfr                                          bigsfr       000000
__Hbss                                             bss          000000
__HbssBANK0                                        bssBANK0     000000
__HbssCOMRAM                                       bssCOMRAM    000000
__Hcinit                                           cinit        000000
__Hclrtext                                         clrtext      000000
__Hcomram                                          comram       000000
__Hconfig                                          config       30000E
__Hconst                                           const        000000
__HcstackBANK0                                     cstackBANK0  000000
__HcstackCOMRAM                                    cstackCOMRAM 000000
__Hdata                                            data         000000
__HdataBANK0                                       dataBANK0    000000
__HdataCOMRAM                                      dataCOMRAM   000000
__Heeprom_data                                     eeprom_data  000000
__Hfarbss                                          farbss       000000
__Hfardata                                         fardata      000000
__Hheap                                            heap         000000
__Hibigdata                                        ibigdata     000000
__Hidata                                           idata        000000
__HidataBANK0                                      idataBANK0   000000
__HidataCOMRAM                                     idataCOMRAM  000000
__Hidloc                                           idloc        200008
__Hifardata                                        ifardata     000000
__Hinit                                            init         000012
__Hintcode                                         intcode      00000E
__Hintcode_body                                    intcode_body 000000
__Hintcodelo                                       intcodelo    00000E
__Hintentry                                        intentry     000000
__Hintret                                          intret       000000
__Hintsave_regs                                    intsave_regs 000000
__Hirdata                                          irdata       000000
__Hmediumconst                                     mediumconst  000000
__HnvFARRAM                                        nvFARRAM     000000
__Hnvbit                                           nvbit        000000
__Hnvrram                                          nvrram       000000
__Hparam                                           rparam       000000
__Hpowerup                                         powerup      00000E
__Hram                                             ram          000000
__Hramtop                                          ramtop       001000
__Hrbit                                            rbit         000000
__Hrbss                                            rbss         000000
__Hrdata                                           rdata        000000
__Hreset_vec                                       reset_vec    000004
__Hrparam                                          rparam       000000
__Hsfr                                             sfr          000000
__Hsmallconst                                      smallconst   001016
__Hspace_0                                         (abs)        00211E
__Hspace_1                                         (abs)        0000CB
__Hspace_2                                         (abs)        000000
__Hspace_4                                         (abs)        60000E
__Hstack                                           stack        000000
__Hstruct                                          struct       000000
__Htemp                                            temp         00006F
__Htext                                            text         000000
__Htext0                                           text0        000000
__Htext1                                           text1        000000
__Htext10                                          text10       000000
__Htext11                                          text11       000000
__Htext12                                          text12       000000
__Htext13                                          text13       000000
__Htext14                                          text14       000000
__Htext15                                          text15       000000
__Htext16                                          text16       000000
__Htext17                                          text17       000000
__Htext18                                          text18       000000
__Htext2                                           text2        000000
__Htext20                                          text20       000000
__Htext21                                          text21       000000
__Htext22                                          text22       000000
__Htext23                                          text23       000000
__Htext24                                          text24       000000
__Htext25                                          text25       000000
__Htext26                                          text26       000000
__Htext27                                          text27       000000
__Htext28                                          text28       000000
__Htext29                                          text29       000000
__Htext3                                           text3        000000
__Htext30                                          text30       000000
__Htext31                                          text31       000000
__Htext32                                          text32       000000
__Htext33                                          text33       000000
__Htext34                                          text34       000000
__Htext35                                          text35       000000
__Htext36                                          text36       000000
__Htext37                                          text37       000000
__Htext38                                          text38       000000
__Htext39                                          text39       000000
__Htext4                                           text4        000000
__Htext40                                          text40       000000
__Htext41                                          text41       000000
__Htext5                                           text5        000000
__Htext6                                           text6        000000
__Htext7                                           text7        000000
__Htext8                                           text8        000000
__Htext9                                           text9        000000
__LRAM                                             (abs)        000001
__L__absolute__                                    __absolute__ 000000
__Labs1                                            abs1         000000
__Lbank0                                           bank0        000000
__Lbank1                                           bank1        000000
__Lbank10                                          bank10       000000
__Lbank11                                          bank11       000000
__Lbank12                                          bank12       000000
__Lbank13                                          bank13       000000
__Lbank14                                          bank14       000000
__Lbank15                                          bank15       000000
__Lbank2                                           bank2        000000
__Lbank3                                           bank3        000000
__Lbank4                                           bank4        000000
__Lbank5                                           bank5        000000
__Lbank6                                           bank6        000000
__Lbank7                                           bank7        000000
__Lbank8                                           bank8        000000
__Lbank9                                           bank9        000000
__Lbigbss                                          bigbss       000000
__Lbigdata                                         bigdata      000000
__Lbigram                                          bigram       000000
__Lbigsfr                                          bigsfr       000000
__Lbss                                             bss          000000
__LbssBANK0                                        bssBANK0     000000
__LbssCOMRAM                                       bssCOMRAM    000000
__Lcinit                                           cinit        000000
__Lclrtext                                         clrtext      000000
__Lcomram                                          comram       000000
__Lconfig                                          config       000000
__Lconst                                           const        000000
__LcstackBANK0                                     cstackBANK0  000000
__LcstackCOMRAM                                    cstackCOMRAM 000000
__Ldata                                            data         000000
__LdataBANK0                                       dataBANK0    000000
__LdataCOMRAM                                      dataCOMRAM   000000
__Leeprom_data                                     eeprom_data  000000
__Lfarbss                                          farbss       000000
__Lfardata                                         fardata      000000
__Lheap                                            heap         000000
__Libigdata                                        ibigdata     000000
__Lidata                                           idata        000000
__LidataBANK0                                      idataBANK0   000000
__LidataCOMRAM                                     idataCOMRAM  000000
__Lidloc                                           idloc        000000
__Lifardata                                        ifardata     000000
__Linit                                            init         00000E
__Lintcode                                         intcode      000008
__Lintcode_body                                    intcode_body 000000
__Lintcodelo                                       intcodelo    00000E
__Lintentry                                        intentry     000000
__Lintret                                          intret       000000
__Lintsave_regs                                    intsave_regs 000000
__Lirdata                                          irdata       000000
__Lmediumconst                                     mediumconst  000000
__LnvFARRAM                                        nvFARRAM     000000
__Lnvbit                                           nvbit        000000
__Lnvrram                                          nvrram       000000
__Lparam                                           rparam       000000
__Lpowerup                                         powerup      00000E
__Lram                                             ram          000000
__Lramtop                                          ramtop       001000
__Lrbit                                            rbit         000000
__Lrbss                                            rbss         000000
__Lrdata                                           rdata        000000
__Lreset_vec                                       reset_vec    000000
__Lrparam                                          rparam       000000
__Lsfr                                             sfr          000000
__Lsmallconst                                      smallconst   001000
__Lspace_0                                         (abs)        000000
__Lspace_1                                         (abs)        000000
__Lspace_2                                         (abs)        000000
__Lspace_4                                         (abs)        000000
__Lstack                                           stack        000000
__Lstruct                                          struct       000000
__Ltemp                                            temp         00006E
__Ltext                                            text         000000
__Ltext0                                           text0        000000
__Ltext1                                           text1        000000
__Ltext10                                          text10       000000
__Ltext11                                          text11       000000
__Ltext12                                          text12       000000
__Ltext13                                          text13       000000
__Ltext14                                          text14       000000
__Ltext15                                          text15       000000
__Ltext16                                          text16       000000
__Ltext17                                          text17       000000
__Ltext18                                          text18       000000
__Ltext2                                           text2        000000
__Ltext20                                          text20       000000
__Ltext21                                          text21       000000
__Ltext22                                          text22       000000
__Ltext23                                          text23       000000
__Ltext24                                          text24       000000
__Ltext25                                          text25       000000
__Ltext26                                          text26       000000
__Ltext27                                          text27       000000
__Ltext28                                          text28       000000
__Ltext29                                          text29       000000
__Ltext3                                           text3        000000
__Ltext30                                          text30       000000
__Ltext31                                          text31       000000
__Ltext32                                          text32       000000
__Ltext33                                          text33       000000
__Ltext34                                          text34       000000
__Ltext35                                          text35       000000
__Ltext36                                          text36       000000
__Ltext37                                          text37       000000
__Ltext38                                          text38       000000
__Ltext39                                          text39       000000
__Ltext4                                           text4        000000
__Ltext40                                          text40       000000
__Ltext41                                          text41       000000
__Ltext5                                           text5        000000
__Ltext6                                           text6        000000
__Ltext7                                           text7        000000
__Ltext8                                           text8        000000
__Ltext9                                           text9        000000
__S0                                               (abs)        00211E
__S1                                               (abs)        0000CB
__S4                                               (abs)        000000
__S5                                               (abs)        000000
___heap_hi                                         (abs)        000000
___heap_lo                                         (abs)        000000
___inthi_sp                                        stack        000000
___intlo_sp                                        stack        000000
___param_bank                                      (abs)        000000
___rparam_used                                     (abs)        000001
___sp                                              stack        000000
__accesstop                                        (abs)        000080
__activetblptr                                     (abs)        000003
__end_of_ADC_ISR                                   text40       00211C
__end_of_CCP1_ISR                                  text39       002118
__end_of_CCP2_ISR                                  text38       002114
__end_of_INT0_ISR                                  text37       002110
__end_of_INT1_ISR                                  text36       00210C
__end_of_INT2_ISR                                  text35       002108
__end_of_InterruptManager                          intcode_body 00142C
__end_of_MSSP_I2C_BC_ISR                           text34       002104
__end_of_MSSP_I2C_ISR                              text33       002100
__end_of_RB4_ISR                                   text32       0020B8
__end_of_RB5_ISR                                   text31       00209E
__end_of_RB6_ISR                                   text30       002084
__end_of_RB7_ISR                                   text29       00206A
__end_of_TMR0_ISR                                  text25       002032
__end_of_TMR1_ISR                                  text24       0020DE
__end_of_TMR2_ISR                                  text23       0020F2
__end_of_TMR3_ISR                                  text22       0020D2
__end_of_Timer0_DefaultInterruptHandler            text26       0020C6
__end_of_Timer0_Init                               text15       0019D8
__end_of_Timer0_Mode_Selection                     text18       001C82
__end_of_Timer0_Prescaler_Config                   text17       001E8C
__end_of_Timer0_Read_Value                         text14       001EE2
__end_of_Timer0_Reigster_Size_Config               text16       001F20
__end_of_USART_RX_ISR                              text21       00211E
__end_of_USART_TX_ISR                              text20       0020FC
__end_of__initialization                           cinit        001E2A
__end_of_application_intialize                     text2        0020F8
__end_of_btn_values                                smallconst   001011
__end_of_ecu_layer_intialize                       text3        002050
__end_of_gpio_pin_direction_intialize              text13       001808
__end_of_gpio_pin_intialize                        text11       001CF4
__end_of_gpio_pin_toggle_logic                     text28       001B04
__end_of_gpio_pin_write_logic                      text12       001934
__end_of_lcd_4bit_intialize                        text7        0016C4
__end_of_lcd_4bit_send_command                     text8        001C04
__end_of_lcd_4bit_send_enable_signal               text10       001FFC
__end_of_lcd_8bit_intialize                        text4        001578
__end_of_lcd_8bit_send_command                     text5        001A72
__end_of_lcd_8bit_send_enable_signal               text6        001FC6
__end_of_lcd_send_4bits                            text9        001DD0
__end_of_led_initialize                            text1        001B86
__end_of_led_turn_toggle                           text27       001D66
__end_of_main                                      text0        001F5A
__initialization                                   cinit        001DD0
__mediumconst                                      mediumconst  000000
__pbssBANK0                                        bssBANK0     0000C5
__pbssCOMRAM                                       bssCOMRAM    000001
__pcinit                                           cinit        001DD0
__pcstackBANK0                                     cstackBANK0  0000B6
__pcstackCOMRAM                                    cstackCOMRAM 000045
__pdataBANK0                                       dataBANK0    000080
__pdataCOMRAM                                      dataCOMRAM   000063
__pidataBANK0                                      idataBANK0   001F5A
__pidataCOMRAM                                     idataCOMRAM  0020DE
__pintcode                                         intcode      000008
__pintcode_body                                    intcode_body 001016
__psmallconst                                      smallconst   001000
__ptext0                                           text0        001F20
__ptext1                                           text1        001B04
__ptext10                                          text10       001FC6
__ptext11                                          text11       001C82
__ptext12                                          text12       001808
__ptext13                                          text13       0016C4
__ptext14                                          text14       001E8C
__ptext15                                          text15       001934
__ptext16                                          text16       001EE2
__ptext17                                          text17       001E34
__ptext18                                          text18       001C04
__ptext2                                           text2        0020F2
__ptext20                                          text20       0020F8
__ptext21                                          text21       00211C
__ptext22                                          text22       0020C6
__ptext23                                          text23       0020EA
__ptext24                                          text24       0020D2
__ptext25                                          text25       001FFC
__ptext26                                          text26       0020B8
__ptext27                                          text27       001CF4
__ptext28                                          text28       001A72
__ptext29                                          text29       002050
__ptext3                                           text3        002032
__ptext30                                          text30       00206A
__ptext31                                          text31       002084
__ptext32                                          text32       00209E
__ptext33                                          text33       0020FC
__ptext34                                          text34       002100
__ptext35                                          text35       002104
__ptext36                                          text36       002108
__ptext37                                          text37       00210C
__ptext38                                          text38       002110
__ptext39                                          text39       002114
__ptext4                                           text4        00142C
__ptext40                                          text40       002118
__ptext41                                          text41       000000
__ptext5                                           text5        0019D8
__ptext6                                           text6        001F90
__ptext7                                           text7        001578
__ptext8                                           text8        001B86
__ptext9                                           text9        001D66
__ramtop                                           ramtop       001000
__smallconst                                       smallconst   001000
_application_intialize                             text2        0020F2
_btn_values                                        smallconst   001001
_ecu_layer_intialize                               text3        002032
_gpio_pin_direction_intialize                      text13       0016C4
_gpio_pin_intialize                                text11       001C82
_gpio_pin_toggle_logic                             text28       001A72
_gpio_pin_write_logic                              text12       001808
_lat_registers                                     dataBANK0    00008A
_lcd_1                                             dataCOMRAM   000067
_lcd_2                                             dataBANK0    0000A5
_lcd_4bit_intialize                                text7        001578
_lcd_4bit_send_command                             text8        001B86
_lcd_4bit_send_enable_signal                       text10       001FC6
_lcd_8bit_intialize                                text4        00142C
_lcd_8bit_send_command                             text5        0019D8
_lcd_8bit_send_enable_signal                       text6        001F90
_lcd_send_4bits                                    text9        001D66
_led1                                              dataCOMRAM   00006D
_led_initialize                                    text1        001B04
_led_turn_toggle                                   text27       001CF4
_main                                              text0        001F20
_port_registers                                    dataBANK0    000080
_timer0_counter_obj                                dataBANK0    0000AF
_timer0_counter_value                              bssCOMRAM    000043
_timer0_preload                                    bssCOMRAM    000015
_timer0_timer_obj                                  dataBANK0    00009E
_timer1_preload                                    bssCOMRAM    000011
_timer2_preload                                    bssCOMRAM    00003B
_timer3_preload                                    bssCOMRAM    00000B
_tris_registers                                    dataBANK0    000094
btemp                                              temp         00006E
end_of_initialization                              cinit        001E2A
gpio_pin_direction_intialize@_pin_config           cstackCOMRAM 000056
gpio_pin_direction_intialize@ret                   cstackCOMRAM 00005E
gpio_pin_intialize@_pin_config                     cstackCOMRAM 000060
gpio_pin_intialize@ret                             cstackBANK0  0000B6
gpio_pin_toggle_logic@_pin_config                  cstackCOMRAM 000045
gpio_pin_write_logic@_pin_config                   cstackCOMRAM 000056
gpio_pin_write_logic@logic                         cstackCOMRAM 000058
gpio_pin_write_logic@ret                           cstackCOMRAM 00005F
int$flags                                          temp         00006E
int_func                                           intcode_body 001016
intlevel0                                          text         000000
intlevel1                                          text         000000
intlevel2                                          text         000000
intlevel3                                          text         000000
isa$std                                            (abs)        000001
isa$xinst                                          (abs)        000000
lcd_4bit_intialize@l_data_pins_counter             cstackBANK0  0000BF
lcd_4bit_intialize@lcd                             cstackBANK0  0000BB
lcd_4bit_intialize@ret                             cstackBANK0  0000C0
lcd_4bit_send_command@command                      cstackBANK0  0000B9
lcd_4bit_send_command@lcd                          cstackBANK0  0000B7
lcd_4bit_send_command@ret                          cstackBANK0  0000BA
lcd_4bit_send_enable_signal@lcd                    cstackCOMRAM 000060
lcd_4bit_send_enable_signal@ret                    cstackCOMRAM 000062
lcd_8bit_intialize@l_data_pins_counter             cstackBANK0  0000C3
lcd_8bit_intialize@lcd                             cstackBANK0  0000BF
lcd_8bit_intialize@ret                             cstackBANK0  0000C4
lcd_8bit_send_command@command                      cstackBANK0  0000B8
lcd_8bit_send_command@l_pin_counter                cstackBANK0  0000BE
lcd_8bit_send_command@lcd                          cstackBANK0  0000B6
lcd_8bit_send_command@ret                          cstackBANK0  0000BD
lcd_8bit_send_enable_signal@lcd                    cstackCOMRAM 000060
lcd_8bit_send_enable_signal@ret                    cstackCOMRAM 000062
lcd_send_4bits@_data_command                       cstackCOMRAM 000062
lcd_send_4bits@lcd                                 cstackCOMRAM 000060
lcd_send_4bits@ret                                 cstackBANK0  0000B6
led_initialize@F3048                               bssCOMRAM    000042
led_initialize@led                                 cstackBANK0  0000B7
led_initialize@pin_obj                             cstackBANK0  0000BB
led_initialize@ret                                 cstackBANK0  0000BA
led_turn_off@F3058                                 bssCOMRAM    000040
led_turn_on@F3053                                  bssCOMRAM    000041
led_turn_toggle@F3063                              bssCOMRAM    00003F
led_turn_toggle@led                                cstackCOMRAM 00004C
led_turn_toggle@pin_obj                            cstackCOMRAM 00004F
relay_initialize@F3042                             bssCOMRAM    00003E
relay_turn_off@F3052                               bssCOMRAM    00003C
relay_turn_on@F3047                                bssCOMRAM    00003D
stackhi                                            (abs)        000000
stacklo                                            (abs)        000000
start                                              init         00000E
start_initialization                               cinit        001DD0
ttemp5                                             temp         00006F
ttemp6                                             temp         000072
ttemp7                                             temp         000076
wtemp8                                             temp         00006F


MODULE INFORMATION

Module		Function		Class		Link	Load	Size
ECU_Layer/Chr_LCD/ecu_chr_lcd.c
		_lcd_8bit_intialize		CODE           	142C	0000	332
		_lcd_8bit_send_enable_signal		CODE           	1F90	0000	54
		_lcd_4bit_send_command		CODE           	1B86	0000	126
		_lcd_send_4bits		CODE           	1D66	0000	106
		_lcd_4bit_intialize		CODE           	1578	0000	332
		_lcd_4bit_send_enable_signal		CODE           	1FC6	0000	54
		_lcd_8bit_send_command		CODE           	19D8	0000	154

ECU_Layer/Chr_LCD/ecu_chr_lcd.c estimated size: 1158

MCAL_Layer/I2C/hal_i2c.c
		_MSSP_I2C_ISR  		CODE           	20FC	0000	4
		_MSSP_I2C_BC_ISR		CODE           	2100	0000	4

MCAL_Layer/I2C/hal_i2c.c estimated size: 8

shared
		_btn_values    		SMALLCONST     	1001	0000	16
		__initialization		CODE           	1DD0	0000	90

shared estimated size: 106

MCAL_Layer/Interrupt/mcal_external_interrupt.c
		_RB4_ISR       		CODE           	209E	0000	26
		_RB5_ISR       		CODE           	2084	0000	26
		_RB6_ISR       		CODE           	206A	0000	26
		_RB7_ISR       		CODE           	2050	0000	26
		_INT0_ISR      		CODE           	210C	0000	4
		_INT1_ISR      		CODE           	2108	0000	4
		_INT2_ISR      		CODE           	2104	0000	4

MCAL_Layer/Interrupt/mcal_external_interrupt.c estimated size: 116

MCAL_Layer/ADC/hal_adc.c
		_ADC_ISR       		CODE           	2118	0000	4

MCAL_Layer/ADC/hal_adc.c estimated size: 4

MCAL_Layer/Interrupt/mcal_interrupt_manager.c
		_InterruptManager		CODE           	0008	0000	1052

MCAL_Layer/Interrupt/mcal_interrupt_manager.c estimated size: 1052

MCAL_Layer/GPIO/hal_gpio.c
		_gpio_pin_write_logic		CODE           	1808	0000	300
		_gpio_pin_intialize		CODE           	1C82	0000	114
		_gpio_pin_direction_intialize		CODE           	16C4	0000	324
		_gpio_pin_toggle_logic		CODE           	1A72	0000	146

MCAL_Layer/GPIO/hal_gpio.c estimated size: 884

MCAL_Layer/USART/hal_usart.c
		_USART_RX_ISR  		CODE           	211C	0000	2
		_USART_TX_ISR  		CODE           	20F8	0000	4

MCAL_Layer/USART/hal_usart.c estimated size: 6

ECU_Layer/LED/ecu_led.c
		_led_turn_toggle		CODE           	1CF4	0000	114
		_led_initialize		CODE           	1B04	0000	130

ECU_Layer/LED/ecu_led.c estimated size: 244

ECU_Layer/ecu_layer_init.c
		_ecu_layer_intialize		CODE           	2032	0000	30

ECU_Layer/ecu_layer_init.c estimated size: 30

application.c
		_Timer0_DefaultInterruptHandler		CODE           	20B8	0000	14
		_main          		CODE           	1F20	0000	58
		_application_intialize		CODE           	20F2	0000	6

application.c estimated size: 78

MCAL_Layer/Timer3/hal_timer3.c
		_TMR3_ISR      		CODE           	20C6	0000	12

MCAL_Layer/Timer3/hal_timer3.c estimated size: 12

MCAL_Layer/Timer2/hal_timer2.c
		_TMR2_ISR      		CODE           	20EA	0000	8

MCAL_Layer/Timer2/hal_timer2.c estimated size: 8

MCAL_Layer/Timer1/hal_timer1.c
		_TMR1_ISR      		CODE           	20D2	0000	12

MCAL_Layer/Timer1/hal_timer1.c estimated size: 12

MCAL_Layer/Timer0/hal_timer0.c
		_Timer0_Reigster_Size_Config		CODE           	1EE2	0000	62
		_Timer0_Init   		CODE           	1934	0000	164
		_Timer0_Read_Value		CODE           	1E8C	0000	86
		_Timer0_Prescaler_Config		CODE           	1E34	0000	88
		_Timer0_Mode_Selection		CODE           	1C04	0000	126
		_TMR0_ISR      		CODE           	1FFC	0000	54

MCAL_Layer/Timer0/hal_timer0.c estimated size: 580

MCAL_Layer/CCP/hal_ccp.c
		_CCP1_ISR      		CODE           	2114	0000	4
		_CCP2_ISR      		CODE           	2110	0000	4

MCAL_Layer/CCP/hal_ccp.c estimated size: 8

